[2m1:48:20 AM[22m [31m[1m[vite][22m[39m [31mInternal server error: Transform failed with 1 error:

[31m[PARSE_ERROR] [0mUnexpected token
    [38;5;246m╭[0m[38;5;246m─[0m[38;5;246m[[0m src/App.tsx:18:9 [38;5;246m][0m
    [38;5;246m│[0m
 [38;5;246m18 │[0m [38;5;249m [0m[38;5;249m [0m[38;5;249m [0m[38;5;249m [0m[38;5;249m [0m[38;5;249m [0m[38;5;249m [0m[38;5;249m [0m<[38;5;249mE[0m[38;5;249mm[0m[38;5;249mp[0m[38;5;249ml[0m[38;5;249mo[0m[38;5;249my[0m[38;5;249me[0m[38;5;249me[0m[38;5;249mM[0m[38;5;249ma[0m[38;5;249mn[0m[38;5;249ma[0m[38;5;249mg[0m[38;5;249me[0m[38;5;249mm[0m[38;5;249me[0m[38;5;249mn[0m[38;5;249mt[0m[38;5;249m [0m[38;5;249m/[0m[38;5;249m>[0m
 [38;5;240m   │[0m         ┬  
 [38;5;240m   │[0m         ╰── 
[38;5;246m────╯[0m
[39m
  Plugin: [35mvite:oxc[39m
  File: [36mC:/Users/Admin/Desktop/java_it/frontend/frontend/src/App.tsx[39m
      at transformWithOxc (file:///C:/Users/Admin/Desktop/java_it/frontend/frontend/node_modules/vite/dist/node/chunks/node.js:4097:19)
      at TransformPluginContext.transform (file:///C:/Users/Admin/Desktop/java_it/frontend/frontend/node_modules/vite/dist/node/chunks/node.js:4168:26)
      at EnvironmentPluginContainer.transform (file:///C:/Users/Admin/Desktop/java_it/frontend/frontend/node_modules/vite/dist/node/chunks/node.js:30851:51)
      at async loadAndTransform (file:///C:/Users/Admin/Desktop/java_it/frontend/frontend/node_modules/vite/dist/node/chunks/node.js:20619:26)
      at async viteTransformMiddleware (file:///C:/Users/Admin/Desktop/java_it/frontend/frontend/node_modules/vite/dist/node/chunks/node.js:25142:20)
[2m1:48:24 AM[22m [31m[1m[vite][22m[39m [31mInternal server error: Transform failed with 1 error:

[31m[PARSE_ERROR] [0mExpected `,` or `>` but found `/`
    [38;5;246m╭[0m[38;5;246m─[0m[38;5;246m[[0m src/App.tsx:18:29 [38;5;246m][0m
    [38;5;246m│[0m
 [38;5;246m18 │[0m [38;5;249m [0m[38;5;249m [0m[38;5;249m [0m[38;5;249m [0m[38;5;249m [0m[38;5;249m [0m[38;5;249m [0m[38;5;249m [0m<[38;5;249mE[0m[38;5;249mm[0m[38;5;249mp[0m[38;5;249ml[0m[38;5;249mo[0m[38;5;249my[0m[38;5;249me[0m[38;5;249me[0m[38;5;249mM[0m[38;5;249ma[0m[38;5;249mn[0m[38;5;249ma[0m[38;5;249mg[0m[38;5;249me[0m[38;5;249mm[0m[38;5;249me[0m[38;5;249mn[0m[38;5;249mt[0m[38;5;249m [0m/[38;5;249m>[0m
 [38;5;240m   │[0m         ┬                   ┬  
 [38;5;240m   │[0m         ╰────────────────────── Opened here
 [38;5;240m   │[0m                             │  
 [38;5;240m   │[0m                             ╰── `,` or `>` expected
[38;5;246m────╯[0m
[39m
  Plugin: [35mvite:oxc[39m
  File: [36mC:/Users/Admin/Desktop/java_it/frontend/frontend/src/App.tsx[39m
      at transformWithOxc (file:///C:/Users/Admin/Desktop/java_it/frontend/frontend/node_modules/vite/dist/node/chunks/node.js:4097:19)
      at TransformPluginContext.transform (file:///C:/Users/Admin/Desktop/java_it/frontend/frontend/node_modules/vite/dist/node/chunks/node.js:4168:26)
      at EnvironmentPluginContainer.transform (file:///C:/Users/Admin/Desktop/java_it/frontend/frontend/node_modules/vite/dist/node/chunks/node.js:30851:51)
      at async loadAndTransform (file:///C:/Users/Admin/Desktop/java_it/frontend/frontend/node_modules/vite/dist/node/chunks/node.js:20619:26)
      at async viteTransformMiddleware (file:///C:/Users/Admin/Desktop/java_it/frontend/frontend/node_modules/vite/dist/node/chunks/node.js:25142:20)
[2m1:48:29 AM[22m [31m[1m[vite][22m[39m [31mInternal server error: Transform failed with 1 error:

[31m[PARSE_ERROR] [0mExpected `>` but found `<`
    [38;5;246m╭[0m[38;5;246m─[0m[38;5;246m[[0m src/App.tsx:18:9 [38;5;246m][0m
    [38;5;246m│[0m
 [38;5;246m18 │[0m [38;5;249m [0m[38;5;249m [0m[38;5;249m [0m[38;5;249m [0m[38;5;249m [0m[38;5;249m [0m[38;5;249m [0m[38;5;249m [0m<[38;5;249mE[0m[38;5;249mm[0m[38;5;249mp[0m[38;5;249ml[0m[38;5;249mo[0m[38;5;249my[0m[38;5;249me[0m[38;5;249me[0m[38;5;249mM[0m[38;5;249ma[0m[38;5;249mn[0m[38;5;249ma[0m[38;5;249mg[0m[38;5;249me[0m[38;5;249mm[0m[38;5;249me[0m[38;5;249mn[0m[38;5;249mt[0m[38;5;249m [0m[38;5;249m/[0m[38;5;249m>[0m
 [38;5;240m   │[0m         ┬  
 [38;5;240m   │[0m         ╰── `>` expected
[38;5;246m────╯[0m
[39m
  Plugin: [35mvite:oxc[39m
  File: [36mC:/Users/Admin/Desktop/java_it/frontend/frontend/src/App.tsx[39m
      at transformWithOxc (file:///C:/Users/Admin/Desktop/java_it/frontend/frontend/node_modules/vite/dist/node/chunks/node.js:4097:19)
      at TransformPluginContext.transform (file:///C:/Users/Admin/Desktop/java_it/frontend/frontend/node_modules/vite/dist/node/chunks/node.js:4168:26)
      at EnvironmentPluginContainer.transform (file:///C:/Users/Admin/Desktop/java_it/frontend/frontend/node_modules/vite/dist/node/chunks/node.js:30851:51)
      at async loadAndTransform (file:///C:/Users/Admin/Desktop/java_it/frontend/frontend/node_modules/vite/dist/node/chunks/node.js:20619:26)
      at async viteTransformMiddleware (file:///C:/Users/Admin/Desktop/java_it/frontend/frontend/node_modules/vite/dist/node/chunks/node.js:25142:20)
