#
# There is insufficient memory for the Java Runtime Environment to continue.
# Native memory allocation (malloc) failed to allocate 1048576 bytes for AllocateHeap
# Possible reasons:
#   The system is out of physical RAM or swap space
#   The process is running with CompressedOops enabled, and the Java Heap may be blocking the growth of the native heap
# Possible solutions:
#   Reduce memory load on the system
#   Increase physical memory or swap space
#   Check if swap backing store is full
#   Decrease Java heap size (-Xmx/-Xms)
#   Decrease number of Java threads
#   Decrease Java thread stack sizes (-Xss)
#   Set larger code cache with -XX:ReservedCodeCacheSize=
#   JVM is running with Unscaled Compressed Oops mode in which the Java heap is
#     placed in the first 4GB address space. The Java Heap base address is the
#     maximum limit for the native heap growth. Please use -XX:HeapBaseMinAddress
#     to set the Java Heap base and to place the Java Heap above 4GB virtual address.
# This output file may be truncated or incomplete.
#
#  Out of Memory Error (memory/allocation.inline.hpp:61), pid=31340, tid=0x00000000000067ac
#
# JRE version:  (8.0_261-b12) (build )
# Java VM: Java HotSpot(TM) 64-Bit Server VM (25.261-b12 mixed mode windows-amd64 compressed oops)
# Failed to write core dump. Minidumps are not enabled by default on client versions of Windows
#

---------------  T H R E A D  ---------------

Current thread (0x00000209b0889000):  JavaThread "Unknown thread" [_thread_in_vm, id=26540, stack(0x000000469ed00000,0x000000469ee00000)]

Stack: [0x000000469ed00000,0x000000469ee00000]
Native frames: (J=compiled Java code, j=interpreted, Vv=VM code, C=native code)
V  [jvm.dll+0x33e5f9]
V  [jvm.dll+0x2850e2]
V  [jvm.dll+0x285d8d]
V  [jvm.dll+0x27c895]
V  [jvm.dll+0x1565d]
V  [jvm.dll+0x3d9117]
V  [jvm.dll+0x3d5557]
V  [jvm.dll+0x10c61f]
V  [jvm.dll+0x21a00b]
V  [jvm.dll+0x248687]
V  [jvm.dll+0x172116]
C  [javaw.exe+0x2322]
C  [javaw.exe+0x16564]
C  [KERNEL32.DLL+0x2e957]
C  [ntdll.dll+0xaad6c]


---------------  P R O C E S S  ---------------

Java Threads: ( => current thread )

Other Threads:

=>0x00000209b0889000 (exited) JavaThread "Unknown thread" [_thread_in_vm, id=26540, stack(0x000000469ed00000,0x000000469ee00000)]

VM state:not at safepoint (normal execution)

VM Mutex/Monitor currently owned by a thread: None

heap address: 0x00000000ff000000, size: 16 MB, Compressed Oops mode: 32-bit
Narrow klass base: 0x0000000000000000, Narrow klass shift: 3
Compressed class space size: 1073741824 Address: 0x0000000100000000

Heap:
 PSYoungGen      total 4608K, used 81K [0x00000000ffb00000, 0x0000000100000000, 0x0000000100000000)
  eden space 4096K, 2% used [0x00000000ffb00000,0x00000000ffb147b8,0x00000000fff00000)
  from space 512K, 0% used [0x00000000fff80000,0x00000000fff80000,0x0000000100000000)
  to   space 512K, 0% used [0x00000000fff00000,0x00000000fff00000,0x00000000fff80000)
 ParOldGen       total 11264K, used 0K [0x00000000ff000000, 0x00000000ffb00000, 0x00000000ffb00000)
  object space 11264K, 0% used [0x00000000ff000000,0x00000000ff000000,0x00000000ffb00000)
 Metaspace       used 776K, capacity 4480K, committed 4480K, reserved 1056768K
  class space    used 76K, capacity 384K, committed 384K, reserved 1048576K

Card table byte_map: [0x00000209b0ac0000,0x00000209b0ad0000] byte_map_base: 0x00000209b02c8000

Marking Bits: (ParMarkBitMap*) 0x0000000057304fb0
 Begin Bits: [0x00000209b0ae0000, 0x00000209b0b20000)
 End Bits:   [0x00000209b0b20000, 0x00000209b0b60000)

Polling page: 0x00000209b0a90000

CodeCache: size=245760Kb used=328Kb max_used=328Kb free=245431Kb
 bounds [0x00000209b2470000, 0x00000209b26e0000, 0x00000209c1470000]
 total_blobs=58 nmethods=0 adapters=38
 compilation: enabled

Compilation events (0 events):
No events

GC Heap History (0 events):
No events

Deoptimization events (0 events):
No events

Classes redefined (0 events):
No events

Internal exceptions (0 events):
No events

Events (10 events):
Event: 0.066 loading class java/lang/Short
Event: 0.066 loading class java/lang/Short done
Event: 0.066 loading class java/lang/Integer
Event: 0.067 loading class java/lang/Integer done
Event: 0.067 loading class java/lang/Long
Event: 0.067 loading class java/lang/Long done
Event: 0.068 loading class java/lang/NullPointerException
Event: 0.069 loading class java/lang/NullPointerException done
Event: 0.069 loading class java/lang/ArithmeticException
Event: 0.069 loading class java/lang/ArithmeticException done


Dynamic libraries:
0x00007ff6abb20000 - 0x00007ff6abb67000 	C:\Program Files\Java\jdk1.8.0_261\bin\javaw.exe
0x00007fff58080000 - 0x00007fff582e6000 	C:\WINDOWS\SYSTEM32\ntdll.dll
0x00007fff57d40000 - 0x00007fff57e09000 	C:\WINDOWS\System32\KERNEL32.DLL
0x00007fff55650000 - 0x00007fff55a4e000 	C:\WINDOWS\System32\KERNELBASE.dll
0x00007fff56ab0000 - 0x00007fff56b67000 	C:\WINDOWS\System32\ADVAPI32.dll
0x00007fff56b70000 - 0x00007fff56c19000 	C:\WINDOWS\System32\msvcrt.dll
0x00007fff55fa0000 - 0x00007fff5604a000 	C:\WINDOWS\System32\sechost.dll
0x00007fff566f0000 - 0x00007fff56808000 	C:\WINDOWS\System32\RPCRT4.dll
0x00007fff55dd0000 - 0x00007fff55f97000 	C:\WINDOWS\System32\USER32.dll
0x00007fff55620000 - 0x00007fff55647000 	C:\WINDOWS\System32\win32u.dll
0x00007fff57ea0000 - 0x00007fff57ecb000 	C:\WINDOWS\System32\GDI32.dll
0x00007fff55a60000 - 0x00007fff55b8a000 	C:\WINDOWS\System32\gdi32full.dll
0x00007fff55570000 - 0x00007fff55613000 	C:\WINDOWS\System32\msvcp_win.dll
0x00007fff55c50000 - 0x00007fff55d9c000 	C:\WINDOWS\System32\ucrtbase.dll
0x00007fff3ac50000 - 0x00007fff3aee2000 	C:\WINDOWS\WinSxS\amd64_microsoft.windows.common-controls_6595b64144ccf1df_6.0.26100.8875_none_3e0d5d42e32fe9dd\COMCTL32.dll
0x00007fff565d0000 - 0x00007fff56602000 	C:\WINDOWS\System32\IMM32.DLL
0x00007fff36960000 - 0x00007fff36975000 	C:\Program Files\Java\jdk1.8.0_261\jre\bin\vcruntime140.dll
0x00007ffed0250000 - 0x00007ffed02eb000 	C:\Program Files\Java\jdk1.8.0_261\jre\bin\msvcp140.dll
0x0000000056b10000 - 0x000000005737c000 	C:\Program Files\Java\jdk1.8.0_261\jre\bin\server\jvm.dll
0x00007fff560e0000 - 0x00007fff560e8000 	C:\WINDOWS\System32\PSAPI.DLL
0x00007fff2d380000 - 0x00007fff2d38a000 	C:\WINDOWS\SYSTEM32\WSOCK32.dll
0x00007fff56cd0000 - 0x00007fff56d50000 	C:\WINDOWS\System32\WS2_32.dll
0x00007fff3bcd0000 - 0x00007fff3bd06000 	C:\WINDOWS\SYSTEM32\WINMM.dll
0x00007fff4f460000 - 0x00007fff4f46b000 	C:\WINDOWS\SYSTEM32\VERSION.dll
0x00007fff53f40000 - 0x00007fff53f5b000 	C:\WINDOWS\SYSTEM32\kernel.appcore.dll
0x00007fff14eb0000 - 0x00007fff14ec0000 	C:\Program Files\Java\jdk1.8.0_261\jre\bin\verify.dll
0x00007fff14e80000 - 0x00007fff14eab000 	C:\Program Files\Java\jdk1.8.0_261\jre\bin\java.dll
0x00007fff10850000 - 0x00007fff10868000 	C:\Program Files\Java\jdk1.8.0_261\jre\bin\zip.dll
0x00007fff35310000 - 0x00007fff35552000 	C:\WINDOWS\SYSTEM32\dbghelp.dll
0x00007fff561e0000 - 0x00007fff56563000 	C:\WINDOWS\System32\combase.dll
0x00007fff56610000 - 0x00007fff566e9000 	C:\WINDOWS\System32\OLEAUT32.dll
0x00007fff55330000 - 0x00007fff553dc000 	C:\WINDOWS\System32\bcryptPrimitives.dll

VM Arguments:
jvm_args: -Xmx16m 
java_command: org.eclipse.jdt.internal.launching.support.LibraryDetector
java_class_path (initial): C:\Users\Admin\AppData\Roaming\Kiro\User\globalStorage\redhat.java\1.55.0\config_win\org.eclipse.osgi\56\0\.cp\lib\launchingsupport.jar
Launcher Type: SUN_STANDARD

Environment Variables:
PATH=C:\app\Admin\product\21c\dbhomeXE\bin;C:\Program Files\Common Files\Oracle\Java\javapath;C:\Program Files (x86)\Common Files\Oracle\Java\javapath;C:\WINDOWS\system32;C:\WINDOWS;C:\WINDOWS\System32\Wbem;C:\WINDOWS\System32\WindowsPowerShell\v1.0\;C:\WINDOWS\System32\OpenSSH\;C:\xampp\php;C:\Program Files (x86)\Microsoft SQL Server\160\Tools\Binn\;C:\Program Files\Microsoft SQL Server\160\Tools\Binn\;C:\Program Files\Microsoft SQL Server\Client SDK\ODBC\170\Tools\Binn\;C:\Program Files\Microsoft SQL Server\160\DTS\Binn\;C:\Program Files (x86)\Microsoft SQL Server\160\DTS\Binn\;C:\Program Files\nodejs\;C:\Program Files\dotnet\;C:\Program Files\Git\cmd;C:\Program Files\Docker\Docker\resources\bin;C:\Users\Admin\AppData\Local\Android\Sdk\platform-tools;C:\Users\Admin\AppData\Local\Programs\Python\Python313\Scripts\;C:\Users\Admin\AppData\Local\Programs\Python\Python313\;C:\Users\Admin\AppData\Local\Programs\Python\Launcher\;C:\Program Files\MySQL\MySQL Shell 8.0\bin\;C:\Users\Admin\AppData\Local\Microsoft\WindowsApps;C:\Users\Admin\AppData\Local\Programs\Microsoft VS Code\bin;C:\Program Files\Java\jdk1.8.0_261\bin;C:\Users\Admin\AppData\Roaming\npm;C:\Users\Admin\AppData\Local\Programs\cursor\resources\app\bin;C:\Program Files\apache-maven-3.9.12\bin;C:\Users\Admin\AppData\Local\Programs\Antigravity\bin;C:\Users\Admin\AppData\Local\Programs\Kiro\bin;C:\Users\Admin\AppData\Local\Android\Sdk\platform-tools;C:\Users\Admin\AppData\Local\Android\Sdk\platform-tools;C:\Users\Admin\AppData\Local\Android\Sdk\platform-tools;
USERNAME=Admin
OS=Windows_NT
PROCESSOR_IDENTIFIER=Intel64 Family 6 Model 142 Stepping 12, GenuineIntel



---------------  S Y S T E M  ---------------

OS: Windows 10.0 , 64 bit Build 26100 (10.0.26100.8875)

CPU:total 8 (initial active 8) (4 cores per cpu, 2 threads per core) family 6 model 142 stepping 12, cmov, cx8, fxsr, mmx, sse, sse2, sse3, ssse3, sse4.1, sse4.2, popcnt, avx, avx2, aes, clmul, erms, 3dnowpref, lzcnt, ht, tsc, tscinvbit, bmi1, bmi2, adx

Memory: 4k page, physical 16578848k(582948k free), swap 28468672k(281660k free)

vm_info: Java HotSpot(TM) 64-Bit Server VM (25.261-b12) for windows-amd64 JRE (1.8.0_261-b12), built on Jun 18 2020 06:56:32 by "" with unknown MS VC++:1916

time: Fri Aug 14 08:01:11 2026
timezone: Sri Lanka Standard Time
elapsed time: 0 seconds (0d 0h 0m 0s)

