#
# There is insufficient memory for the Java Runtime Environment to continue.
# Native memory allocation (malloc) failed to allocate 910736 bytes. Error detail: Chunk::new
# Possible reasons:
#   The system is out of physical RAM or swap space
#   This process is running with CompressedOops enabled, and the Java Heap may be blocking the growth of the native heap
# Possible solutions:
#   Reduce memory load on the system
#   Increase physical memory or swap space
#   Check if swap backing store is full
#   Decrease Java heap size (-Xmx/-Xms)
#   Decrease number of Java threads
#   Decrease Java thread stack sizes (-Xss)
#   Set larger code cache with -XX:ReservedCodeCacheSize=
#   JVM is running with Unscaled Compressed Oops mode in which the Java heap is
#     placed in the first 4GB address space. The Java Heap base address is the
#     maximum limit for the native heap growth. Please use -XX:HeapBaseMinAddress
#     to set the Java Heap base and to place the Java Heap above 4GB virtual address.
# This output file may be truncated or incomplete.
#
#  Out of Memory Error (arena.cpp:168), pid=25468, tid=23680
#
# JRE version: OpenJDK Runtime Environment Temurin-21.0.11+10 (21.0.11+10) (build 21.0.11+10-LTS)
# Java VM: OpenJDK 64-Bit Server VM Temurin-21.0.11+10 (21.0.11+10-LTS, mixed mode, sharing, tiered, compressed oops, compressed class ptrs, parallel gc, windows-amd64)
# No core dump will be written. Minidumps are not enabled by default on client versions of Windows
#

---------------  S U M M A R Y ------------

Command Line: --add-modules=ALL-SYSTEM --add-opens=java.base/java.util=ALL-UNNAMED --add-opens=java.base/java.lang=ALL-UNNAMED --add-opens=java.base/sun.nio.fs=ALL-UNNAMED -Declipse.application=org.eclipse.jdt.ls.core.id1 -Dosgi.bundles.defaultStartLevel=4 -Declipse.product=org.eclipse.jdt.ls.core.product -Djava.import.generatesMetadataFilesAtProjectRoot=false -DDetectVMInstallationsJob.disabled=true -Dfile.encoding=utf8 -XX:+UseParallelGC -XX:GCTimeRatio=4 -XX:AdaptiveSizePolicyWeight=90 -Dsun.zip.disableMemoryMapping=true -Xmx2G -Xms100m -Xlog:disable -javaagent:c:\Users\Admin\.kiro\extensions\redhat.java-1.55.0-win32-x64\lombok\lombok-1.18.39-4050.jar c:\Users\Admin\.kiro\extensions\redhat.java-1.55.0-win32-x64\server\plugins\org.eclipse.equinox.launcher_1.7.200.v20260619-2039.jar -configuration c:\Users\Admin\AppData\Roaming\Kiro\User\globalStorage\redhat.java\1.55.0\config_ss_win -data c:\Users\Admin\AppData\Roaming\Kiro\User\workspaceStorage\d3571a9e9eae995ea7f6bf7334ee90d5\redhat.java\ss_ws --pipe=\\.\pipe\lsp-c9cc2d7daf9253d33881263df319accb-sock

Host: Intel(R) Core(TM) i5-8265U CPU @ 1.60GHz, 8 cores, 15G,  Windows 11 , 64 bit Build 26100 (10.0.26100.8875)
Time: Fri Aug 14 08:00:57 2026 Sri Lanka Standard Time elapsed time: 13.249348 seconds (0d 0h 0m 13s)

---------------  T H R E A D  ---------------

Current thread (0x000001d979044060):  JavaThread "C2 CompilerThread1" daemon [_thread_in_native, id=23680, stack(0x00000095ddc00000,0x00000095ddd00000) (1024K)]


Current CompileTask:
C2:13249 2800       4       java.lang.invoke.MethodType::makeImpl (109 bytes)

Stack: [0x00000095ddc00000,0x00000095ddd00000]
Native frames: (J=compiled Java code, j=interpreted, Vv=VM code, C=native code)
V  [jvm.dll+0x6d7e19]
V  [jvm.dll+0x8b5096]
V  [jvm.dll+0x8b764e]
V  [jvm.dll+0x8b7d33]
V  [jvm.dll+0x284596]
V  [jvm.dll+0xc685d]
V  [jvm.dll+0xc6da1]
V  [jvm.dll+0x2fb4ee]
V  [jvm.dll+0x5fe9a4]
V  [jvm.dll+0x255d67]
V  [jvm.dll+0x24e3bf]
V  [jvm.dll+0x24bbe6]
V  [jvm.dll+0x1cb4ae]
V  [jvm.dll+0x25baad]
V  [jvm.dll+0x25a03a]
V  [jvm.dll+0x3f868e]
V  [jvm.dll+0x85fb0d]
V  [jvm.dll+0x6d664d]
C  [ucrtbase.dll+0x2cd30]
C  [KERNEL32.DLL+0x2e957]
C  [ntdll.dll+0xaad6c]


---------------  P R O C E S S  ---------------

Threads class SMR info:
_java_thread_list=0x000001d97949e9f0, length=19, elements={
0x000001d95bffc720, 0x000001d95bf75c60, 0x000001d95bf786a0, 0x000001d95bf7f210,
0x000001d95bf7fef0, 0x000001d95bf80950, 0x000001d95bf813b0, 0x000001d95bf821f0,
0x000001d95bfae1b0, 0x000001d974483be0, 0x000001d9744f5820, 0x000001d974705c90,
0x000001d974bfde50, 0x000001d974ad2fb0, 0x000001d9749be780, 0x000001d9790a25e0,
0x000001d9791b2990, 0x000001d979129990, 0x000001d979044060
}

Java Threads: ( => current thread )
  0x000001d95bffc720 JavaThread "main"                              [_thread_blocked, id=9388, stack(0x00000095dbf00000,0x00000095dc000000) (1024K)]
  0x000001d95bf75c60 JavaThread "Reference Handler"          daemon [_thread_blocked, id=28008, stack(0x00000095dc300000,0x00000095dc400000) (1024K)]
  0x000001d95bf786a0 JavaThread "Finalizer"                  daemon [_thread_blocked, id=24860, stack(0x00000095dc400000,0x00000095dc500000) (1024K)]
  0x000001d95bf7f210 JavaThread "Signal Dispatcher"          daemon [_thread_blocked, id=22352, stack(0x00000095dc500000,0x00000095dc600000) (1024K)]
  0x000001d95bf7fef0 JavaThread "Attach Listener"            daemon [_thread_blocked, id=384, stack(0x00000095dc600000,0x00000095dc700000) (1024K)]
  0x000001d95bf80950 JavaThread "Service Thread"             daemon [_thread_blocked, id=26820, stack(0x00000095dc700000,0x00000095dc800000) (1024K)]
  0x000001d95bf813b0 JavaThread "Monitor Deflation Thread"   daemon [_thread_blocked, id=12484, stack(0x00000095dc800000,0x00000095dc900000) (1024K)]
  0x000001d95bf821f0 JavaThread "C2 CompilerThread0"         daemon [_thread_blocked, id=24900, stack(0x00000095dc900000,0x00000095dca00000) (1024K)]
  0x000001d95bfae1b0 JavaThread "C1 CompilerThread0"         daemon [_thread_blocked, id=27408, stack(0x00000095dca00000,0x00000095dcb00000) (1024K)]
  0x000001d974483be0 JavaThread "Common-Cleaner"             daemon [_thread_blocked, id=28528, stack(0x00000095dcc00000,0x00000095dcd00000) (1024K)]
  0x000001d9744f5820 JavaThread "Notification Thread"        daemon [_thread_blocked, id=30208, stack(0x00000095dcb00000,0x00000095dcc00000) (1024K)]
  0x000001d974705c90 JavaThread "Active Thread: Equinox Container: 79cf507d-4d53-416b-a569-a5cc368928cf"        [_thread_blocked, id=29156, stack(0x00000095dd400000,0x00000095dd500000) (1024K)]
  0x000001d974bfde50 JavaThread "Framework Event Dispatcher: Equinox Container: 79cf507d-4d53-416b-a569-a5cc368928cf" daemon [_thread_blocked, id=20552, stack(0x00000095dd600000,0x00000095dd700000) (1024K)]
  0x000001d974ad2fb0 JavaThread "Start Level: Equinox Container: 79cf507d-4d53-416b-a569-a5cc368928cf" daemon [_thread_in_native, id=26324, stack(0x00000095dd700000,0x00000095dd800000) (1024K)]
  0x000001d9749be780 JavaThread "SCR Component Actor"        daemon [_thread_blocked, id=27764, stack(0x00000095dd500000,0x00000095dd600000) (1024K)]
  0x000001d9790a25e0 JavaThread "Worker-JM"                         [_thread_blocked, id=24304, stack(0x00000095dd900000,0x00000095dda00000) (1024K)]
  0x000001d9791b2990 JavaThread "Worker-0"                          [_thread_blocked, id=33768, stack(0x00000095dda00000,0x00000095ddb00000) (1024K)]
  0x000001d979129990 JavaThread "Worker-1"                          [_thread_blocked, id=28312, stack(0x00000095ddb00000,0x00000095ddc00000) (1024K)]
=>0x000001d979044060 JavaThread "C2 CompilerThread1"         daemon [_thread_in_native, id=23680, stack(0x00000095ddc00000,0x00000095ddd00000) (1024K)]
Total: 19

Other Threads:
  0x000001d95bf52600 VMThread "VM Thread"                           [id=19348, stack(0x00000095dc200000,0x00000095dc300000) (1024K)]
  0x000001d95be8ca00 WatcherThread "VM Periodic Task Thread"        [id=9776, stack(0x00000095dc100000,0x00000095dc200000) (1024K)]
  0x000001d95c01a9e0 WorkerThread "GC Thread#0"                     [id=14984, stack(0x00000095dc000000,0x00000095dc100000) (1024K)]
  0x000001d9745ae160 WorkerThread "GC Thread#1"                     [id=6440, stack(0x00000095dce00000,0x00000095dcf00000) (1024K)]
  0x000001d9749560b0 WorkerThread "GC Thread#2"                     [id=21004, stack(0x00000095dcf00000,0x00000095dd000000) (1024K)]
  0x000001d974956460 WorkerThread "GC Thread#3"                     [id=19768, stack(0x00000095dd000000,0x00000095dd100000) (1024K)]
  0x000001d974956810 WorkerThread "GC Thread#4"                     [id=31732, stack(0x00000095dd100000,0x00000095dd200000) (1024K)]
  0x000001d9747577d0 WorkerThread "GC Thread#5"                     [id=15344, stack(0x00000095dd200000,0x00000095dd300000) (1024K)]
  0x000001d974757b80 WorkerThread "GC Thread#6"                     [id=26884, stack(0x00000095dd300000,0x00000095dd400000) (1024K)]
  0x000001d9749be3d0 WorkerThread "GC Thread#7"                     [id=8804, stack(0x00000095dd800000,0x00000095dd900000) (1024K)]
Total: 10

Threads with active compile tasks:
C2 CompilerThread1  13302 2800       4       java.lang.invoke.MethodType::makeImpl (109 bytes)
Total: 1

VM state: not at safepoint (normal execution)

VM Mutex/Monitor currently owned by a thread: None

Heap address: 0x0000000080000000, size: 2048 MB, Compressed Oops mode: 32-bit

CDS archive(s) mapped at: [0x000001d900000000-0x000001d900ba0000-0x000001d900ba0000), size 12189696, SharedBaseAddress: 0x000001d900000000, ArchiveRelocationMode: 1.
Compressed class space mapped at: 0x000001d901000000-0x000001d941000000, reserved size: 1073741824
Narrow klass base: 0x000001d900000000, Narrow klass shift: 0, Narrow klass range: 0x100000000

GC Precious Log:
 CardTable entry size: 512
 CPUs: 8 total, 8 available
 Memory: 16190M
 Large Page Support: Disabled
 NUMA Support: Disabled
 Compressed Oops: Enabled (32-bit)
 Alignments: Space 512K, Generation 512K, Heap 2M
 Heap Min Capacity: 100M
 Heap Initial Capacity: 100M
 Heap Max Capacity: 2G
 Pre-touch: Disabled
 Parallel Workers: 8

Heap:
 PSYoungGen      total 30720K, used 8288K [0x00000000d5580000, 0x00000000d7900000, 0x0000000100000000)
  eden space 25088K, 33% used [0x00000000d5580000,0x00000000d5d98130,0x00000000d6e00000)
  from space 5632K, 0% used [0x00000000d7380000,0x00000000d7380000,0x00000000d7900000)
  to   space 5632K, 0% used [0x00000000d6e00000,0x00000000d6e00000,0x00000000d7380000)
 ParOldGen       total 68608K, used 9920K [0x0000000080000000, 0x0000000084300000, 0x00000000d5580000)
  object space 68608K, 14% used [0x0000000080000000,0x00000000809b03a8,0x0000000084300000)
 Metaspace       used 21842K, committed 22464K, reserved 1114112K
  class space    used 2102K, committed 2368K, reserved 1048576K

Card table byte_map: [0x000001d95b9a0000,0x000001d95bdb0000] _byte_map_base: 0x000001d95b5a0000

Marking Bits: (ParMarkBitMap*) 0x00007ffe69894460
 Begin Bits: [0x000001d96e4b0000, 0x000001d9704b0000)
 End Bits:   [0x000001d9704b0000, 0x000001d9724b0000)

Polling page: 0x000001d959e80000

Metaspace:

Usage:
  Non-class:     19.28 MB used.
      Class:      2.05 MB used.
       Both:     21.33 MB used.

Virtual space:
  Non-class space:       64.00 MB reserved,      19.62 MB ( 31%) committed,  1 nodes.
      Class space:        1.00 GB reserved,       2.31 MB ( <1%) committed,  1 nodes.
             Both:        1.06 GB reserved,      21.94 MB (  2%) committed. 

Chunk freelists:
   Non-Class:  12.07 MB
       Class:  13.53 MB
        Both:  25.60 MB

MaxMetaspaceSize: unlimited
CompressedClassSpaceSize: 1.00 GB
Initial GC threshold: 21.00 MB
Current GC threshold: 35.00 MB
CDS: on
 - commit_granule_bytes: 65536.
 - commit_granule_words: 8192.
 - virtual_space_node_default_size: 8388608.
 - enlarge_chunks_in_place: 1.
 - use_allocation_guard: 0.


Internal statistics:

num_allocs_failed_limit: 3.
num_arena_births: 470.
num_arena_deaths: 14.
num_vsnodes_births: 2.
num_vsnodes_deaths: 0.
num_space_committed: 351.
num_space_uncommitted: 0.
num_chunks_returned_to_freelist: 17.
num_chunks_taken_from_freelist: 1269.
num_chunk_merges: 6.
num_chunk_splits: 839.
num_chunks_enlarged: 548.
num_inconsistent_stats: 0.

CodeHeap 'non-profiled nmethods': size=120000Kb used=1293Kb max_used=1293Kb free=118706Kb
 bounds [0x000001d966cd0000, 0x000001d966f40000, 0x000001d96e200000]
CodeHeap 'profiled nmethods': size=120000Kb used=5715Kb max_used=5715Kb free=114284Kb
 bounds [0x000001d95f200000, 0x000001d95f7a0000, 0x000001d966730000]
CodeHeap 'non-nmethods': size=5760Kb used=1307Kb max_used=1361Kb free=4452Kb
 bounds [0x000001d966730000, 0x000001d9669a0000, 0x000001d966cd0000]
CodeCache: size=245760Kb, used=8315Kb, max_used=8369Kb, free=237442Kb
 total_blobs=3412, nmethods=2823, adapters=495, full_count=0
Compilation: enabled, stopped_count=0, restarted_count=0

Compilation events (20 events):
Event: 13.181 Thread 0x000001d95bf821f0 2819       4       java.lang.Class::getName (18 bytes)
Event: 13.182 Thread 0x000001d95bf821f0 nmethod 2819 0x000001d966e11310 code [0x000001d966e114a0, 0x000001d966e11560]
Event: 13.182 Thread 0x000001d95bf821f0 2816       4       java.util.zip.ZipEntry::<init> (84 bytes)
Event: 13.184 Thread 0x000001d95bf821f0 nmethod 2816 0x000001d966e11610 code [0x000001d966e117a0, 0x000001d966e118d8]
Event: 13.184 Thread 0x000001d95bf821f0 2817       4       java.lang.String::newStringUTF8NoRepl (322 bytes)
Event: 13.198 Thread 0x000001d95bf821f0 nmethod 2817 0x000001d966e11a10 code [0x000001d966e11be0, 0x000001d966e12318]
Event: 13.198 Thread 0x000001d95bf821f0 2818       4       java.util.zip.ZipCoder$UTF8ZipCoder::toString (12 bytes)
Event: 13.207 Thread 0x000001d95bfae1b0 2821       3       java.lang.Integer::rotateLeft (9 bytes)
Event: 13.207 Thread 0x000001d95bfae1b0 nmethod 2821 0x000001d95f792290 code [0x000001d95f792420, 0x000001d95f792520]
Event: 13.208 Thread 0x000001d95bfae1b0 2823       3       java.security.MessageDigest$Delegate::engineUpdate (11 bytes)
Event: 13.208 Thread 0x000001d95bfae1b0 nmethod 2823 0x000001d95f792590 code [0x000001d95f792740, 0x000001d95f792918]
Event: 13.211 Thread 0x000001d95bfae1b0 2824       3       sun.security.provider.SHA::implCompress0 (478 bytes)
Event: 13.213 Thread 0x000001d95bfae1b0 nmethod 2824 0x000001d95f792a10 code [0x000001d95f792c80, 0x000001d95f793968]
Event: 13.213 Thread 0x000001d95bf821f0 nmethod 2818 0x000001d966e12710 code [0x000001d966e128e0, 0x000001d966e13000]
Event: 13.213 Thread 0x000001d95bf821f0 2822       4       java.lang.Integer::rotateLeft (9 bytes)
Event: 13.213 Thread 0x000001d95bfae1b0 2825       3       sun.security.provider.SHA::implCompress (13 bytes)
Event: 13.213 Thread 0x000001d95bf821f0 nmethod 2822 0x000001d966e13410 code [0x000001d966e13580, 0x000001d966e135f0]
Event: 13.214 Thread 0x000001d95bfae1b0 nmethod 2825 0x000001d95f794010 code [0x000001d95f794200, 0x000001d95f794638]
Event: 13.214 Thread 0x000001d95bfae1b0 2826       3       sun.security.provider.SHA::implCompressCheck (18 bytes)
Event: 13.214 Thread 0x000001d95bfae1b0 nmethod 2826 0x000001d95f794890 code [0x000001d95f794a60, 0x000001d95f794df0]

GC Heap History (14 events):
Event: 4.107 GC heap before
{Heap before GC invocations=1 (full 0):
 PSYoungGen      total 29696K, used 25600K [0x00000000d5580000, 0x00000000d7680000, 0x0000000100000000)
  eden space 25600K, 100% used [0x00000000d5580000,0x00000000d6e80000,0x00000000d6e80000)
  from space 4096K, 0% used [0x00000000d7280000,0x00000000d7280000,0x00000000d7680000)
  to   space 4096K, 0% used [0x00000000d6e80000,0x00000000d6e80000,0x00000000d7280000)
 ParOldGen       total 68608K, used 0K [0x0000000080000000, 0x0000000084300000, 0x00000000d5580000)
  object space 68608K, 0% used [0x0000000080000000,0x0000000080000000,0x0000000084300000)
 Metaspace       used 4393K, committed 4608K, reserved 1114112K
  class space    used 476K, committed 576K, reserved 1048576K
}
Event: 4.125 GC heap after
{Heap after GC invocations=1 (full 0):
 PSYoungGen      total 29696K, used 3303K [0x00000000d5580000, 0x00000000d7680000, 0x0000000100000000)
  eden space 25600K, 0% used [0x00000000d5580000,0x00000000d5580000,0x00000000d6e80000)
  from space 4096K, 80% used [0x00000000d6e80000,0x00000000d71b9e98,0x00000000d7280000)
  to   space 4096K, 0% used [0x00000000d7280000,0x00000000d7280000,0x00000000d7680000)
 ParOldGen       total 68608K, used 16K [0x0000000080000000, 0x0000000084300000, 0x00000000d5580000)
  object space 68608K, 0% used [0x0000000080000000,0x0000000080004000,0x0000000084300000)
 Metaspace       used 4393K, committed 4608K, reserved 1114112K
  class space    used 476K, committed 576K, reserved 1048576K
}
Event: 6.708 GC heap before
{Heap before GC invocations=2 (full 0):
 PSYoungGen      total 29696K, used 28903K [0x00000000d5580000, 0x00000000d7680000, 0x0000000100000000)
  eden space 25600K, 100% used [0x00000000d5580000,0x00000000d6e80000,0x00000000d6e80000)
  from space 4096K, 80% used [0x00000000d6e80000,0x00000000d71b9e98,0x00000000d7280000)
  to   space 4096K, 0% used [0x00000000d7280000,0x00000000d7280000,0x00000000d7680000)
 ParOldGen       total 68608K, used 16K [0x0000000080000000, 0x0000000084300000, 0x00000000d5580000)
  object space 68608K, 0% used [0x0000000080000000,0x0000000080004000,0x0000000084300000)
 Metaspace       used 8206K, committed 8512K, reserved 1114112K
  class space    used 871K, committed 1024K, reserved 1048576K
}
Event: 6.717 GC heap after
{Heap after GC invocations=2 (full 0):
 PSYoungGen      total 29696K, used 4076K [0x00000000d5580000, 0x00000000d7680000, 0x0000000100000000)
  eden space 25600K, 0% used [0x00000000d5580000,0x00000000d5580000,0x00000000d6e80000)
  from space 4096K, 99% used [0x00000000d7280000,0x00000000d767b010,0x00000000d7680000)
  to   space 4096K, 0% used [0x00000000d6e80000,0x00000000d6e80000,0x00000000d7280000)
 ParOldGen       total 68608K, used 1059K [0x0000000080000000, 0x0000000084300000, 0x00000000d5580000)
  object space 68608K, 1% used [0x0000000080000000,0x0000000080108ec8,0x0000000084300000)
 Metaspace       used 8206K, committed 8512K, reserved 1114112K
  class space    used 871K, committed 1024K, reserved 1048576K
}
Event: 8.666 GC heap before
{Heap before GC invocations=3 (full 0):
 PSYoungGen      total 29696K, used 29676K [0x00000000d5580000, 0x00000000d7680000, 0x0000000100000000)
  eden space 25600K, 100% used [0x00000000d5580000,0x00000000d6e80000,0x00000000d6e80000)
  from space 4096K, 99% used [0x00000000d7280000,0x00000000d767b010,0x00000000d7680000)
  to   space 4096K, 0% used [0x00000000d6e80000,0x00000000d6e80000,0x00000000d7280000)
 ParOldGen       total 68608K, used 1059K [0x0000000080000000, 0x0000000084300000, 0x00000000d5580000)
  object space 68608K, 1% used [0x0000000080000000,0x0000000080108ec8,0x0000000084300000)
 Metaspace       used 13070K, committed 13632K, reserved 1114112K
  class space    used 1381K, committed 1600K, reserved 1048576K
}
Event: 8.676 GC heap after
{Heap after GC invocations=3 (full 0):
 PSYoungGen      total 29696K, used 4082K [0x00000000d5580000, 0x00000000d7680000, 0x0000000100000000)
  eden space 25600K, 0% used [0x00000000d5580000,0x00000000d5580000,0x00000000d6e80000)
  from space 4096K, 99% used [0x00000000d6e80000,0x00000000d727cbd8,0x00000000d7280000)
  to   space 4096K, 0% used [0x00000000d7280000,0x00000000d7280000,0x00000000d7680000)
 ParOldGen       total 68608K, used 2742K [0x0000000080000000, 0x0000000084300000, 0x00000000d5580000)
  object space 68608K, 3% used [0x0000000080000000,0x00000000802ad9f8,0x0000000084300000)
 Metaspace       used 13070K, committed 13632K, reserved 1114112K
  class space    used 1381K, committed 1600K, reserved 1048576K
}
Event: 10.009 GC heap before
{Heap before GC invocations=4 (full 0):
 PSYoungGen      total 29696K, used 29682K [0x00000000d5580000, 0x00000000d7680000, 0x0000000100000000)
  eden space 25600K, 100% used [0x00000000d5580000,0x00000000d6e80000,0x00000000d6e80000)
  from space 4096K, 99% used [0x00000000d6e80000,0x00000000d727cbd8,0x00000000d7280000)
  to   space 4096K, 0% used [0x00000000d7280000,0x00000000d7280000,0x00000000d7680000)
 ParOldGen       total 68608K, used 2742K [0x0000000080000000, 0x0000000084300000, 0x00000000d5580000)
  object space 68608K, 3% used [0x0000000080000000,0x00000000802ad9f8,0x0000000084300000)
 Metaspace       used 16043K, committed 16640K, reserved 1114112K
  class space    used 1676K, committed 1984K, reserved 1048576K
}
Event: 10.016 GC heap after
{Heap after GC invocations=4 (full 0):
 PSYoungGen      total 29696K, used 4072K [0x00000000d5580000, 0x00000000d7680000, 0x0000000100000000)
  eden space 25600K, 0% used [0x00000000d5580000,0x00000000d5580000,0x00000000d6e80000)
  from space 4096K, 99% used [0x00000000d7280000,0x00000000d767a038,0x00000000d7680000)
  to   space 4096K, 0% used [0x00000000d6e80000,0x00000000d6e80000,0x00000000d7280000)
 ParOldGen       total 68608K, used 5418K [0x0000000080000000, 0x0000000084300000, 0x00000000d5580000)
  object space 68608K, 7% used [0x0000000080000000,0x000000008054aac0,0x0000000084300000)
 Metaspace       used 16043K, committed 16640K, reserved 1114112K
  class space    used 1676K, committed 1984K, reserved 1048576K
}
Event: 11.018 GC heap before
{Heap before GC invocations=5 (full 0):
 PSYoungGen      total 29696K, used 29672K [0x00000000d5580000, 0x00000000d7680000, 0x0000000100000000)
  eden space 25600K, 100% used [0x00000000d5580000,0x00000000d6e80000,0x00000000d6e80000)
  from space 4096K, 99% used [0x00000000d7280000,0x00000000d767a038,0x00000000d7680000)
  to   space 4096K, 0% used [0x00000000d6e80000,0x00000000d6e80000,0x00000000d7280000)
 ParOldGen       total 68608K, used 5418K [0x0000000080000000, 0x0000000084300000, 0x00000000d5580000)
  object space 68608K, 7% used [0x0000000080000000,0x000000008054aac0,0x0000000084300000)
 Metaspace       used 20313K, committed 20928K, reserved 1114112K
  class space    used 1990K, committed 2304K, reserved 1048576K
}
Event: 11.025 GC heap after
{Heap after GC invocations=5 (full 0):
 PSYoungGen      total 29184K, used 4091K [0x00000000d5580000, 0x00000000d7900000, 0x0000000100000000)
  eden space 25088K, 0% used [0x00000000d5580000,0x00000000d5580000,0x00000000d6e00000)
  from space 4096K, 99% used [0x00000000d6e80000,0x00000000d727ee38,0x00000000d7280000)
  to   space 5632K, 0% used [0x00000000d7380000,0x00000000d7380000,0x00000000d7900000)
 ParOldGen       total 68608K, used 5690K [0x0000000080000000, 0x0000000084300000, 0x00000000d5580000)
  object space 68608K, 8% used [0x0000000080000000,0x000000008058ea10,0x0000000084300000)
 Metaspace       used 20313K, committed 20928K, reserved 1114112K
  class space    used 1990K, committed 2304K, reserved 1048576K
}
Event: 12.191 GC heap before
{Heap before GC invocations=6 (full 0):
 PSYoungGen      total 29184K, used 21836K [0x00000000d5580000, 0x00000000d7900000, 0x0000000100000000)
  eden space 25088K, 70% used [0x00000000d5580000,0x00000000d66d42e0,0x00000000d6e00000)
  from space 4096K, 99% used [0x00000000d6e80000,0x00000000d727ee38,0x00000000d7280000)
  to   space 5632K, 0% used [0x00000000d7380000,0x00000000d7380000,0x00000000d7900000)
 ParOldGen       total 68608K, used 5690K [0x0000000080000000, 0x0000000084300000, 0x00000000d5580000)
  object space 68608K, 8% used [0x0000000080000000,0x000000008058ea10,0x0000000084300000)
 Metaspace       used 20912K, committed 21504K, reserved 1114112K
  class space    used 2020K, committed 2304K, reserved 1048576K
}
Event: 12.261 GC heap after
{Heap after GC invocations=6 (full 0):
 PSYoungGen      total 30720K, used 5335K [0x00000000d5580000, 0x00000000d7900000, 0x0000000100000000)
  eden space 25088K, 0% used [0x00000000d5580000,0x00000000d5580000,0x00000000d6e00000)
  from space 5632K, 94% used [0x00000000d7380000,0x00000000d78b5c08,0x00000000d7900000)
  to   space 5632K, 0% used [0x00000000d6e00000,0x00000000d6e00000,0x00000000d7380000)
 ParOldGen       total 68608K, used 6479K [0x0000000080000000, 0x0000000084300000, 0x00000000d5580000)
  object space 68608K, 9% used [0x0000000080000000,0x0000000080653f20,0x0000000084300000)
 Metaspace       used 20912K, committed 21504K, reserved 1114112K
  class space    used 2020K, committed 2304K, reserved 1048576K
}
Event: 12.262 GC heap before
{Heap before GC invocations=7 (full 1):
 PSYoungGen      total 30720K, used 5335K [0x00000000d5580000, 0x00000000d7900000, 0x0000000100000000)
  eden space 25088K, 0% used [0x00000000d5580000,0x00000000d5580000,0x00000000d6e00000)
  from space 5632K, 94% used [0x00000000d7380000,0x00000000d78b5c08,0x00000000d7900000)
  to   space 5632K, 0% used [0x00000000d6e00000,0x00000000d6e00000,0x00000000d7380000)
 ParOldGen       total 68608K, used 6479K [0x0000000080000000, 0x0000000084300000, 0x00000000d5580000)
  object space 68608K, 9% used [0x0000000080000000,0x0000000080653f20,0x0000000084300000)
 Metaspace       used 20912K, committed 21504K, reserved 1114112K
  class space    used 2020K, committed 2304K, reserved 1048576K
}
Event: 12.340 GC heap after
{Heap after GC invocations=7 (full 1):
 PSYoungGen      total 30720K, used 0K [0x00000000d5580000, 0x00000000d7900000, 0x0000000100000000)
  eden space 25088K, 0% used [0x00000000d5580000,0x00000000d5580000,0x00000000d6e00000)
  from space 5632K, 0% used [0x00000000d7380000,0x00000000d7380000,0x00000000d7900000)
  to   space 5632K, 0% used [0x00000000d6e00000,0x00000000d6e00000,0x00000000d7380000)
 ParOldGen       total 68608K, used 9920K [0x0000000080000000, 0x0000000084300000, 0x00000000d5580000)
  object space 68608K, 14% used [0x0000000080000000,0x00000000809b03a8,0x0000000084300000)
 Metaspace       used 20899K, committed 21504K, reserved 1114112K
  class space    used 2017K, committed 2304K, reserved 1048576K
}

Dll operation events (11 events):
Event: 0.047 Loaded shared library c:\Users\Admin\.kiro\extensions\redhat.java-1.55.0-win32-x64\jre\21.0.11-win32-x86_64\bin\java.dll
Event: 0.407 Loaded shared library c:\Users\Admin\.kiro\extensions\redhat.java-1.55.0-win32-x64\jre\21.0.11-win32-x86_64\bin\zip.dll
Event: 0.473 Loaded shared library C:\Users\Admin\.kiro\extensions\redhat.java-1.55.0-win32-x64\jre\21.0.11-win32-x86_64\bin\instrument.dll
Event: 0.496 Loaded shared library C:\Users\Admin\.kiro\extensions\redhat.java-1.55.0-win32-x64\jre\21.0.11-win32-x86_64\bin\net.dll
Event: 0.504 Loaded shared library C:\Users\Admin\.kiro\extensions\redhat.java-1.55.0-win32-x64\jre\21.0.11-win32-x86_64\bin\nio.dll
Event: 0.515 Loaded shared library C:\Users\Admin\.kiro\extensions\redhat.java-1.55.0-win32-x64\jre\21.0.11-win32-x86_64\bin\zip.dll
Event: 0.575 Loaded shared library C:\Users\Admin\.kiro\extensions\redhat.java-1.55.0-win32-x64\jre\21.0.11-win32-x86_64\bin\jimage.dll
Event: 0.911 Loaded shared library c:\Users\Admin\.kiro\extensions\redhat.java-1.55.0-win32-x64\jre\21.0.11-win32-x86_64\bin\verify.dll
Event: 6.651 Loaded shared library C:\Users\Admin\AppData\Roaming\Kiro\User\globalStorage\redhat.java\1.55.0\config_ss_win\org.eclipse.equinox.launcher\org.eclipse.equinox.launcher.win32.win32.x86_64_1.3.100.v20260613-0559\eclipse_11924.dll
Event: 8.802 Loaded shared library C:\Users\Admin\.kiro\extensions\redhat.java-1.55.0-win32-x64\jre\21.0.11-win32-x86_64\bin\management.dll
Event: 8.812 Loaded shared library C:\Users\Admin\.kiro\extensions\redhat.java-1.55.0-win32-x64\jre\21.0.11-win32-x86_64\bin\management_ext.dll

Deoptimization events (20 events):
Event: 12.986 Thread 0x000001d974ad2fb0 DEOPT PACKING pc=0x000001d966dd18dc sp=0x00000095dd7fd950
Event: 12.986 Thread 0x000001d974ad2fb0 DEOPT UNPACKING pc=0x000001d966783aa2 sp=0x00000095dd7fd8b8 mode 2
Event: 12.986 Thread 0x000001d974ad2fb0 Uncommon trap: trap_request=0xffffffc6 fr.pc=0x000001d966dd18dc relative=0x00000000000009dc
Event: 12.986 Thread 0x000001d974ad2fb0 Uncommon trap: reason=bimorphic_or_optimized_type_check action=maybe_recompile pc=0x000001d966dd18dc method=java.util.HashMap.putVal(ILjava/lang/Object;Ljava/lang/Object;ZZ)Ljava/lang/Object; @ 56 c2
Event: 12.986 Thread 0x000001d974ad2fb0 DEOPT PACKING pc=0x000001d966dd18dc sp=0x00000095dd7fd950
Event: 12.986 Thread 0x000001d974ad2fb0 DEOPT UNPACKING pc=0x000001d966783aa2 sp=0x00000095dd7fd8b8 mode 2
Event: 12.986 Thread 0x000001d974ad2fb0 Uncommon trap: trap_request=0xffffffc6 fr.pc=0x000001d966dd1994 relative=0x0000000000000a94
Event: 12.986 Thread 0x000001d974ad2fb0 Uncommon trap: reason=bimorphic_or_optimized_type_check action=maybe_recompile pc=0x000001d966dd1994 method=java.util.HashMap.putVal(ILjava/lang/Object;Ljava/lang/Object;ZZ)Ljava/lang/Object; @ 152 c2
Event: 12.986 Thread 0x000001d974ad2fb0 DEOPT PACKING pc=0x000001d966dd1994 sp=0x00000095dd7fd950
Event: 12.986 Thread 0x000001d974ad2fb0 DEOPT UNPACKING pc=0x000001d966783aa2 sp=0x00000095dd7fd8c0 mode 2
Event: 12.986 Thread 0x000001d974ad2fb0 Uncommon trap: trap_request=0xffffffc6 fr.pc=0x000001d966dd18dc relative=0x00000000000009dc
Event: 12.986 Thread 0x000001d974ad2fb0 Uncommon trap: reason=bimorphic_or_optimized_type_check action=maybe_recompile pc=0x000001d966dd18dc method=java.util.HashMap.putVal(ILjava/lang/Object;Ljava/lang/Object;ZZ)Ljava/lang/Object; @ 56 c2
Event: 12.986 Thread 0x000001d974ad2fb0 DEOPT PACKING pc=0x000001d966dd18dc sp=0x00000095dd7fd950
Event: 12.986 Thread 0x000001d974ad2fb0 DEOPT UNPACKING pc=0x000001d966783aa2 sp=0x00000095dd7fd8b8 mode 2
Event: 13.006 Thread 0x000001d974ad2fb0 DEOPT PACKING pc=0x000001d95f5fe4d6 sp=0x00000095dd7fd1e0
Event: 13.006 Thread 0x000001d974ad2fb0 DEOPT UNPACKING pc=0x000001d966784242 sp=0x00000095dd7fc6f0 mode 0
Event: 13.042 Thread 0x000001d974ad2fb0 Uncommon trap: trap_request=0xffffff45 fr.pc=0x000001d966df6be8 relative=0x00000000000009e8
Event: 13.042 Thread 0x000001d974ad2fb0 Uncommon trap: reason=unstable_if action=reinterpret pc=0x000001d966df6be8 method=java.util.regex.Pattern$BmpCharPropertyGreedy.match(Ljava/util/regex/Matcher;ILjava/lang/CharSequence;)Z @ 12 c2
Event: 13.042 Thread 0x000001d974ad2fb0 DEOPT PACKING pc=0x000001d966df6be8 sp=0x00000095dd7fd540
Event: 13.042 Thread 0x000001d974ad2fb0 DEOPT UNPACKING pc=0x000001d966783aa2 sp=0x00000095dd7fd408 mode 2

Classes loaded (20 events):
Event: 13.168 Loading class sun/security/provider/HashDrbg
Event: 13.168 Loading class sun/security/provider/AbstractHashDrbg
Event: 13.169 Loading class sun/security/provider/AbstractDrbg
Event: 13.169 Loading class sun/security/provider/AbstractDrbg done
Event: 13.169 Loading class sun/security/provider/AbstractHashDrbg done
Event: 13.169 Loading class sun/security/provider/HashDrbg done
Event: 13.170 Loading class sun/security/provider/EntropySource
Event: 13.170 Loading class sun/security/provider/EntropySource done
Event: 13.176 Loading class java/security/DrbgParameters$NextBytes
Event: 13.177 Loading class java/security/DrbgParameters$NextBytes done
Event: 13.177 Loading class sun/security/provider/AbstractDrbg$SeederHolder
Event: 13.177 Loading class sun/security/provider/AbstractDrbg$SeederHolder done
Event: 13.177 Loading class sun/security/provider/SeedGenerator
Event: 13.177 Loading class sun/security/provider/SeedGenerator done
Event: 13.178 Loading class sun/security/provider/NativeSeedGenerator
Event: 13.178 Loading class sun/security/provider/NativeSeedGenerator done
Event: 13.196 Loading class sun/security/provider/SHA
Event: 13.197 Loading class sun/security/provider/SHA done
Event: 13.205 Loading class sun/security/provider/SeedGenerator$1
Event: 13.206 Loading class sun/security/provider/SeedGenerator$1 done

Classes unloaded (7 events):
Event: 12.274 Thread 0x000001d95bf52600 Unloading class 0x000001d90118cc00 'java/lang/invoke/LambdaForm$MH+0x000001d90118cc00'
Event: 12.274 Thread 0x000001d95bf52600 Unloading class 0x000001d90118c800 'java/lang/invoke/LambdaForm$MH+0x000001d90118c800'
Event: 12.274 Thread 0x000001d95bf52600 Unloading class 0x000001d90118c400 'java/lang/invoke/LambdaForm$MH+0x000001d90118c400'
Event: 12.274 Thread 0x000001d95bf52600 Unloading class 0x000001d90118c000 'java/lang/invoke/LambdaForm$MH+0x000001d90118c000'
Event: 12.274 Thread 0x000001d95bf52600 Unloading class 0x000001d90118bc00 'java/lang/invoke/LambdaForm$BMH+0x000001d90118bc00'
Event: 12.274 Thread 0x000001d95bf52600 Unloading class 0x000001d90118b800 'java/lang/invoke/LambdaForm$DMH+0x000001d90118b800'
Event: 12.274 Thread 0x000001d95bf52600 Unloading class 0x000001d90118a400 'java/lang/invoke/LambdaForm$DMH+0x000001d90118a400'

Classes redefined (0 events):
No events

Internal exceptions (20 events):
Event: 9.345 Thread 0x000001d9791b2990 Exception <a 'java/lang/NoSuchMethodError'{0x00000000d5f6aa98}: 'java.lang.Object java.lang.invoke.DirectMethodHandle$Holder.newInvokeSpecial(java.lang.Object, java.lang.Object, int, java.lang.Object)'> (0x00000000d5f6aa98) 
thrown [s\src\hotspot\share\interpreter\linkResolver.cpp, line 773]
Event: 9.346 Thread 0x000001d9791b2990 Exception <a 'java/lang/NoSuchMethodError'{0x00000000d5f6e378}: 'java.lang.Object java.lang.invoke.DirectMethodHandle$Holder.invokeSpecial(java.lang.Object, java.lang.Object, java.lang.Object, int, java.lang.Object)'> (0x00000000d5f6e378) 
thrown [s\src\hotspot\share\interpreter\linkResolver.cpp, line 773]
Event: 9.394 Thread 0x000001d974ad2fb0 Exception <a 'java/lang/NoSuchMethodError'{0x00000000d6022dc8}: 'void java.lang.invoke.DirectMethodHandle$Holder.invokeSpecial(java.lang.Object, java.lang.Object, java.lang.Object, java.lang.Object, java.lang.Object)'> (0x00000000d6022dc8) 
thrown [s\src\hotspot\share\interpreter\linkResolver.cpp, line 773]
Event: 9.550 Thread 0x000001d974ad2fb0 Exception <a 'java/lang/NoSuchMethodError'{0x00000000d61e7048}: 'double java.lang.invoke.DirectMethodHandle$Holder.invokeStatic(java.lang.Object, java.lang.Object)'> (0x00000000d61e7048) 
thrown [s\src\hotspot\share\interpreter\linkResolver.cpp, line 773]
Event: 9.551 Thread 0x000001d974ad2fb0 Exception <a 'java/lang/NoSuchMethodError'{0x00000000d61ea708}: 'double java.lang.invoke.DirectMethodHandle$Holder.invokeStaticInit(java.lang.Object, java.lang.Object)'> (0x00000000d61ea708) 
thrown [s\src\hotspot\share\interpreter\linkResolver.cpp, line 773]
Event: 10.073 Thread 0x000001d974ad2fb0 Exception <a 'java/io/FileNotFoundException'{0x00000000d593b330}> (0x00000000d593b330) 
thrown [s\src\hotspot\share\prims\jni.cpp, line 520]
Event: 10.073 Thread 0x000001d974ad2fb0 Exception <a 'java/io/FileNotFoundException'{0x00000000d593c160}> (0x00000000d593c160) 
thrown [s\src\hotspot\share\prims\jni.cpp, line 520]
Event: 10.074 Thread 0x000001d974ad2fb0 Exception <a 'java/io/FileNotFoundException'{0x00000000d593d090}> (0x00000000d593d090) 
thrown [s\src\hotspot\share\prims\jni.cpp, line 520]
Event: 10.653 Thread 0x000001d974ad2fb0 Exception <a 'java/lang/NoSuchMethodError'{0x00000000d629bea8}: 'int java.lang.invoke.DirectMethodHandle$Holder.invokeStaticInit(java.lang.Object, java.lang.Object, java.lang.Object)'> (0x00000000d629bea8) 
thrown [s\src\hotspot\share\interpreter\linkResolver.cpp, line 773]
Event: 10.769 Thread 0x000001d974ad2fb0 Implicit null exception at 0x000001d966ddee75 to 0x000001d966ddef68
Event: 11.027 Thread 0x000001d974ad2fb0 Exception <a 'java/io/FileNotFoundException'{0x00000000d55944f0}> (0x00000000d55944f0) 
thrown [s\src\hotspot\share\prims\jni.cpp, line 520]
Event: 11.029 Thread 0x000001d974ad2fb0 Exception <a 'java/lang/NoSuchMethodError'{0x00000000d559bd68}: 'java.lang.Object java.lang.invoke.DirectMethodHandle$Holder.newInvokeSpecial(java.lang.Object, int, java.lang.Object, java.lang.Object)'> (0x00000000d559bd68) 
thrown [s\src\hotspot\share\interpreter\linkResolver.cpp, line 773]
Event: 11.300 Thread 0x000001d974ad2fb0 Exception <a 'java/io/FileNotFoundException'{0x00000000d6140dd0}> (0x00000000d6140dd0) 
thrown [s\src\hotspot\share\prims\jni.cpp, line 520]
Event: 11.304 Thread 0x000001d974ad2fb0 Exception <a 'java/io/FileNotFoundException'{0x00000000d6141dd0}> (0x00000000d6141dd0) 
thrown [s\src\hotspot\share\prims\jni.cpp, line 520]
Event: 11.314 Thread 0x000001d974ad2fb0 Exception <a 'java/io/FileNotFoundException'{0x00000000d614fe00}> (0x00000000d614fe00) 
thrown [s\src\hotspot\share\prims\jni.cpp, line 520]
Event: 12.584 Thread 0x000001d974ad2fb0 Exception <a 'java/io/FileNotFoundException'{0x00000000d57c46d8}> (0x00000000d57c46d8) 
thrown [s\src\hotspot\share\prims\jni.cpp, line 520]
Event: 13.011 Thread 0x000001d974ad2fb0 Exception <a 'sun/nio/fs/WindowsException'{0x00000000d59f0100}> (0x00000000d59f0100) 
thrown [s\src\hotspot\share\prims\jni.cpp, line 520]
Event: 13.012 Thread 0x000001d974ad2fb0 Exception <a 'sun/nio/fs/WindowsException'{0x00000000d59f3de8}> (0x00000000d59f3de8) 
thrown [s\src\hotspot\share\prims\jni.cpp, line 520]
Event: 13.063 Thread 0x000001d974ad2fb0 Exception <a 'sun/nio/fs/WindowsException'{0x00000000d5abfb60}> (0x00000000d5abfb60) 
thrown [s\src\hotspot\share\prims\jni.cpp, line 520]
Event: 13.173 Thread 0x000001d974ad2fb0 Exception <a 'java/lang/NoSuchMethodError'{0x00000000d5cde768}: 'java.lang.Object java.lang.invoke.DirectMethodHandle$Holder.invokeStaticInit(java.lang.Object, int, int, int, int)'> (0x00000000d5cde768) 
thrown [s\src\hotspot\share\interpreter\linkResolver.cpp, line 773]

ZGC Phase Switch (0 events):
No events

VM Operations (20 events):
Event: 8.895 Executing non-safepoint VM operation: HandshakeAllThreads (Deoptimize)
Event: 8.895 Executing non-safepoint VM operation: HandshakeAllThreads (Deoptimize) done
Event: 8.911 Executing non-safepoint VM operation: HandshakeAllThreads (Deoptimize)
Event: 8.911 Executing non-safepoint VM operation: HandshakeAllThreads (Deoptimize) done
Event: 8.952 Executing non-safepoint VM operation: HandshakeAllThreads (Deoptimize)
Event: 8.952 Executing non-safepoint VM operation: HandshakeAllThreads (Deoptimize) done
Event: 9.964 Executing safepoint VM operation: Cleanup
Event: 9.965 Executing safepoint VM operation: Cleanup done
Event: 10.008 Executing safepoint VM operation: ParallelGCFailedAllocation (Allocation Failure)
Event: 10.016 Executing safepoint VM operation: ParallelGCFailedAllocation (Allocation Failure) done
Event: 11.018 Executing safepoint VM operation: ParallelGCFailedAllocation (Allocation Failure)
Event: 11.025 Executing safepoint VM operation: ParallelGCFailedAllocation (Allocation Failure) done
Event: 12.047 Executing safepoint VM operation: Cleanup
Event: 12.047 Executing safepoint VM operation: Cleanup done
Event: 12.191 Executing safepoint VM operation: CollectForMetadataAllocation (Metadata GC Threshold)
Event: 12.340 Executing safepoint VM operation: CollectForMetadataAllocation (Metadata GC Threshold) done
Event: 12.703 Executing non-safepoint VM operation: HandshakeAllThreads (Deoptimize)
Event: 12.985 Executing non-safepoint VM operation: HandshakeAllThreads (Deoptimize) done
Event: 13.151 Executing non-safepoint VM operation: HandshakeAllThreads (Deoptimize)
Event: 13.151 Executing non-safepoint VM operation: HandshakeAllThreads (Deoptimize) done

Memory protections (0 events):
No events

Nmethod flushes (0 events):
No events

Events (20 events):
Event: 4.822 Thread 0x000001d95bfae1b0 Thread added: 0x000001d974712600
Event: 5.089 Thread 0x000001d974712600 Thread exited: 0x000001d974712600
Event: 5.177 Thread 0x000001d95bfae1b0 Thread added: 0x000001d974712cd0
Event: 5.543 Thread 0x000001d974712cd0 Thread exited: 0x000001d974712cd0
Event: 5.776 Thread 0x000001d95bffc720 Thread added: 0x000001d974705c90
Event: 6.582 Thread 0x000001d95bfae1b0 Thread added: 0x000001d974711860
Event: 6.596 Thread 0x000001d95bffc720 Thread added: 0x000001d974bfde50
Event: 6.625 Thread 0x000001d95bffc720 Thread added: 0x000001d974ad2fb0
Event: 6.718 Thread 0x000001d974711860 Thread exited: 0x000001d974711860
Event: 6.745 Thread 0x000001d974ad2fb0 Thread added: 0x000001d9749be780
Event: 7.423 Thread 0x000001d95bfae1b0 Thread added: 0x000001d974d274f0
Event: 7.786 Thread 0x000001d974d274f0 Thread exited: 0x000001d974d274f0
Event: 8.337 Thread 0x000001d974ad2fb0 Thread added: 0x000001d9790a25e0
Event: 9.252 Thread 0x000001d974ad2fb0 Thread added: 0x000001d9791b2990
Event: 9.348 Thread 0x000001d9791b2990 Thread added: 0x000001d979129990
Event: 11.615 Thread 0x000001d95bfae1b0 Thread added: 0x000001d979044e00
Event: 12.183 Thread 0x000001d979044e00 Thread exited: 0x000001d979044e00
Event: 12.436 Thread 0x000001d95bfae1b0 Thread added: 0x000001d979044060
Event: 12.527 Thread 0x000001d974ad2fb0 Thread added: 0x000001d9793cb640
Event: 13.087 Thread 0x000001d9793cb640 Thread exited: 0x000001d9793cb640


Dynamic libraries:
0x00007ff7544d0000 - 0x00007ff7544de000 	c:\Users\Admin\.kiro\extensions\redhat.java-1.55.0-win32-x64\jre\21.0.11-win32-x86_64\bin\java.exe
0x00007fff58080000 - 0x00007fff582e6000 	C:\WINDOWS\SYSTEM32\ntdll.dll
0x00007fff57d40000 - 0x00007fff57e09000 	C:\WINDOWS\System32\KERNEL32.DLL
0x00007fff55650000 - 0x00007fff55a4e000 	C:\WINDOWS\System32\KERNELBASE.dll
0x00007fff55c50000 - 0x00007fff55d9c000 	C:\WINDOWS\System32\ucrtbase.dll
0x00007ffee6280000 - 0x00007ffee629e000 	c:\Users\Admin\.kiro\extensions\redhat.java-1.55.0-win32-x64\jre\21.0.11-win32-x86_64\bin\VCRUNTIME140.dll
0x00007ffee7550000 - 0x00007ffee7568000 	c:\Users\Admin\.kiro\extensions\redhat.java-1.55.0-win32-x64\jre\21.0.11-win32-x86_64\bin\jli.dll
0x00007fff55dd0000 - 0x00007fff55f97000 	C:\WINDOWS\System32\USER32.dll
0x00007fff3ac50000 - 0x00007fff3aee2000 	C:\WINDOWS\WinSxS\amd64_microsoft.windows.common-controls_6595b64144ccf1df_6.0.26100.8875_none_3e0d5d42e32fe9dd\COMCTL32.dll
0x00007fff56b70000 - 0x00007fff56c19000 	C:\WINDOWS\System32\msvcrt.dll
0x00007fff55620000 - 0x00007fff55647000 	C:\WINDOWS\System32\win32u.dll
0x00007fff57ea0000 - 0x00007fff57ecb000 	C:\WINDOWS\System32\GDI32.dll
0x00007fff55a60000 - 0x00007fff55b8a000 	C:\WINDOWS\System32\gdi32full.dll
0x00007fff55570000 - 0x00007fff55613000 	C:\WINDOWS\System32\msvcp_win.dll
0x00007fff565d0000 - 0x00007fff56602000 	C:\WINDOWS\System32\IMM32.DLL
0x00007fff4ff70000 - 0x00007fff4ff7c000 	c:\Users\Admin\.kiro\extensions\redhat.java-1.55.0-win32-x64\jre\21.0.11-win32-x86_64\bin\vcruntime140_1.dll
0x00007ffee1490000 - 0x00007ffee151d000 	c:\Users\Admin\.kiro\extensions\redhat.java-1.55.0-win32-x64\jre\21.0.11-win32-x86_64\bin\msvcp140.dll
0x00007ffe68bd0000 - 0x00007ffe69972000 	c:\Users\Admin\.kiro\extensions\redhat.java-1.55.0-win32-x64\jre\21.0.11-win32-x86_64\bin\server\jvm.dll
0x00007fff56ab0000 - 0x00007fff56b67000 	C:\WINDOWS\System32\ADVAPI32.dll
0x00007fff55fa0000 - 0x00007fff5604a000 	C:\WINDOWS\System32\sechost.dll
0x00007fff566f0000 - 0x00007fff56808000 	C:\WINDOWS\System32\RPCRT4.dll
0x00007fff56cd0000 - 0x00007fff56d50000 	C:\WINDOWS\System32\WS2_32.dll
0x00007fff55120000 - 0x00007fff5517e000 	C:\WINDOWS\SYSTEM32\POWRPROF.dll
0x00007fff3bcd0000 - 0x00007fff3bd06000 	C:\WINDOWS\SYSTEM32\WINMM.dll
0x00007fff4f460000 - 0x00007fff4f46b000 	C:\WINDOWS\SYSTEM32\VERSION.dll
0x00007fff550e0000 - 0x00007fff550f4000 	C:\WINDOWS\SYSTEM32\UMPDC.dll
0x00007fff53f40000 - 0x00007fff53f5b000 	C:\WINDOWS\SYSTEM32\kernel.appcore.dll
0x00007fff40880000 - 0x00007fff4088a000 	c:\Users\Admin\.kiro\extensions\redhat.java-1.55.0-win32-x64\jre\21.0.11-win32-x86_64\bin\jimage.dll
0x00007fff35310000 - 0x00007fff35552000 	C:\WINDOWS\SYSTEM32\DBGHELP.DLL
0x00007fff561e0000 - 0x00007fff56563000 	C:\WINDOWS\System32\combase.dll
0x00007fff56610000 - 0x00007fff566e9000 	C:\WINDOWS\System32\OLEAUT32.dll
0x00007fff419e0000 - 0x00007fff41a1b000 	C:\WINDOWS\SYSTEM32\dbgcore.DLL
0x00007fff55330000 - 0x00007fff553dc000 	C:\WINDOWS\System32\bcryptPrimitives.dll
0x00007fff3f950000 - 0x00007fff3f95f000 	c:\Users\Admin\.kiro\extensions\redhat.java-1.55.0-win32-x64\jre\21.0.11-win32-x86_64\bin\instrument.dll
0x00007ffee52d0000 - 0x00007ffee52f0000 	c:\Users\Admin\.kiro\extensions\redhat.java-1.55.0-win32-x64\jre\21.0.11-win32-x86_64\bin\java.dll
0x00007fff56d60000 - 0x00007fff574f2000 	C:\WINDOWS\System32\SHELL32.dll
0x00007fff52d20000 - 0x00007fff535b2000 	C:\WINDOWS\SYSTEM32\windows.storage.dll
0x00007fff575c0000 - 0x00007fff576b7000 	C:\WINDOWS\System32\SHCORE.dll
0x00007fff560f0000 - 0x00007fff56157000 	C:\WINDOWS\System32\shlwapi.dll
0x00007fff551c0000 - 0x00007fff551e9000 	C:\WINDOWS\SYSTEM32\profapi.dll
0x00007ffee4960000 - 0x00007ffee4978000 	c:\Users\Admin\.kiro\extensions\redhat.java-1.55.0-win32-x64\jre\21.0.11-win32-x86_64\bin\zip.dll
0x00007fff37df0000 - 0x00007fff37e00000 	C:\Users\Admin\.kiro\extensions\redhat.java-1.55.0-win32-x64\jre\21.0.11-win32-x86_64\bin\net.dll
0x00007fff4ef10000 - 0x00007fff4f037000 	C:\WINDOWS\SYSTEM32\WINHTTP.dll
0x00007fff544d0000 - 0x00007fff5453c000 	C:\WINDOWS\system32\mswsock.dll
0x00007ffee4810000 - 0x00007ffee4826000 	C:\Users\Admin\.kiro\extensions\redhat.java-1.55.0-win32-x64\jre\21.0.11-win32-x86_64\bin\nio.dll
0x00007fff163e0000 - 0x00007fff163f0000 	c:\Users\Admin\.kiro\extensions\redhat.java-1.55.0-win32-x64\jre\21.0.11-win32-x86_64\bin\verify.dll
0x00007ffefc460000 - 0x00007ffefc4a5000 	C:\Users\Admin\AppData\Roaming\Kiro\User\globalStorage\redhat.java\1.55.0\config_ss_win\org.eclipse.equinox.launcher\org.eclipse.equinox.launcher.win32.win32.x86_64_1.3.100.v20260613-0559\eclipse_11924.dll
0x00007fff56910000 - 0x00007fff56aa9000 	C:\WINDOWS\System32\ole32.dll
0x00007fff15f30000 - 0x00007fff15f3a000 	C:\Users\Admin\.kiro\extensions\redhat.java-1.55.0-win32-x64\jre\21.0.11-win32-x86_64\bin\management.dll
0x00007fff127f0000 - 0x00007fff127fc000 	C:\Users\Admin\.kiro\extensions\redhat.java-1.55.0-win32-x64\jre\21.0.11-win32-x86_64\bin\management_ext.dll
0x00007fff560e0000 - 0x00007fff560e8000 	C:\WINDOWS\System32\PSAPI.DLL
0x00007fff54900000 - 0x00007fff5491b000 	C:\WINDOWS\SYSTEM32\CRYPTSP.dll
0x00007fff53ea0000 - 0x00007fff53ed9000 	C:\WINDOWS\system32\rsaenh.dll
0x00007fff54590000 - 0x00007fff545c2000 	C:\WINDOWS\SYSTEM32\USERENV.dll
0x00007fff55190000 - 0x00007fff551ba000 	C:\WINDOWS\SYSTEM32\bcrypt.dll
0x00007fff54740000 - 0x00007fff5474c000 	C:\WINDOWS\SYSTEM32\CRYPTBASE.dll
0x00007fff53940000 - 0x00007fff53973000 	C:\WINDOWS\SYSTEM32\IPHLPAPI.DLL
0x00007fff56570000 - 0x00007fff5657a000 	C:\WINDOWS\System32\NSI.dll

JVMTI agents:
c:\Users\Admin\.kiro\extensions\redhat.java-1.55.0-win32-x64\lombok\lombok-1.18.39-4050.jar path:c:\Users\Admin\.kiro\extensions\redhat.java-1.55.0-win32-x64\jre\21.0.11-win32-x86_64\bin\instrument.dll, loaded, initialized, instrumentlib options:none

dbghelp: loaded successfully - version: 4.0.5 - missing functions: none
symbol engine: initialized successfully - sym options: 0x614 - pdb path: .;c:\Users\Admin\.kiro\extensions\redhat.java-1.55.0-win32-x64\jre\21.0.11-win32-x86_64\bin;C:\WINDOWS\SYSTEM32;C:\WINDOWS\WinSxS\amd64_microsoft.windows.common-controls_6595b64144ccf1df_6.0.26100.8875_none_3e0d5d42e32fe9dd;c:\Users\Admin\.kiro\extensions\redhat.java-1.55.0-win32-x64\jre\21.0.11-win32-x86_64\bin\server;C:\Users\Admin\AppData\Roaming\Kiro\User\globalStorage\redhat.java\1.55.0\config_ss_win\org.eclipse.equinox.launcher\org.eclipse.equinox.launcher.win32.win32.x86_64_1.3.100.v20260613-0559

VM Arguments:
jvm_args: --add-modules=ALL-SYSTEM --add-opens=java.base/java.util=ALL-UNNAMED --add-opens=java.base/java.lang=ALL-UNNAMED --add-opens=java.base/sun.nio.fs=ALL-UNNAMED -Declipse.application=org.eclipse.jdt.ls.core.id1 -Dosgi.bundles.defaultStartLevel=4 -Declipse.product=org.eclipse.jdt.ls.core.product -Djava.import.generatesMetadataFilesAtProjectRoot=false -DDetectVMInstallationsJob.disabled=true -Dfile.encoding=utf8 -XX:+UseParallelGC -XX:GCTimeRatio=4 -XX:AdaptiveSizePolicyWeight=90 -Dsun.zip.disableMemoryMapping=true -Xmx2G -Xms100m -Xlog:disable -javaagent:c:\Users\Admin\.kiro\extensions\redhat.java-1.55.0-win32-x64\lombok\lombok-1.18.39-4050.jar 
java_command: c:\Users\Admin\.kiro\extensions\redhat.java-1.55.0-win32-x64\server\plugins\org.eclipse.equinox.launcher_1.7.200.v20260619-2039.jar -configuration c:\Users\Admin\AppData\Roaming\Kiro\User\globalStorage\redhat.java\1.55.0\config_ss_win -data c:\Users\Admin\AppData\Roaming\Kiro\User\workspaceStorage\d3571a9e9eae995ea7f6bf7334ee90d5\redhat.java\ss_ws --pipe=\\.\pipe\lsp-c9cc2d7daf9253d33881263df319accb-sock
java_class_path (initial): c:\Users\Admin\.kiro\extensions\redhat.java-1.55.0-win32-x64\server\plugins\org.eclipse.equinox.launcher_1.7.200.v20260619-2039.jar
Launcher Type: SUN_STANDARD

[Global flags]
    uintx AdaptiveSizePolicyWeight                 = 90                                        {product} {command line}
     intx CICompilerCount                          = 4                                         {product} {ergonomic}
    uintx GCTimeRatio                              = 4                                         {product} {command line}
   size_t InitialHeapSize                          = 104857600                                 {product} {command line}
   size_t MaxHeapSize                              = 2147483648                                {product} {command line}
   size_t MaxNewSize                               = 715653120                                 {product} {ergonomic}
   size_t MinHeapDeltaBytes                        = 524288                                    {product} {ergonomic}
   size_t MinHeapSize                              = 104857600                                 {product} {command line}
   size_t NewSize                                  = 34603008                                  {product} {ergonomic}
    uintx NonNMethodCodeHeapSize                   = 5839372                                {pd product} {ergonomic}
    uintx NonProfiledCodeHeapSize                  = 122909434                              {pd product} {ergonomic}
   size_t OldSize                                  = 70254592                                  {product} {ergonomic}
    uintx ProfiledCodeHeapSize                     = 122909434                              {pd product} {ergonomic}
    uintx ReservedCodeCacheSize                    = 251658240                              {pd product} {ergonomic}
     bool SegmentedCodeCache                       = true                                      {product} {ergonomic}
   size_t SoftMaxHeapSize                          = 2147483648                             {manageable} {ergonomic}
     bool UseCompressedOops                        = true                           {product lp64_product} {ergonomic}
     bool UseLargePagesIndividualAllocation        = false                                  {pd product} {ergonomic}
     bool UseParallelGC                            = true                                      {product} {command line}

Logging:
Log output configuration:
 #0: stdout all=off uptime,level,tags foldmultilines=false
 #1: stderr all=off uptime,level,tags foldmultilines=false

Release file:
JAVA_VERSION="21.0.11" 
MODULES="java.base java.compiler java.datatransfer java.xml java.prefs java.desktop java.instrument java.logging java.management java.security.sasl java.naming java.rmi java.management.rmi java.net.http java.scripting java.security.jgss java.transaction.xa java.sql java.sql.rowset java.xml.crypto java.se java.smartcardio jdk.accessibility jdk.internal.jvmstat jdk.attach jdk.charsets jdk.internal.opt jdk.zipfs jdk.compiler jdk.crypto.ec jdk.crypto.cryptoki jdk.crypto.mscapi jdk.dynalink jdk.internal.ed jdk.editpad jdk.hotspot.agent jdk.httpserver jdk.internal.le jdk.internal.vm.ci jdk.internal.vm.compiler jdk.internal.vm.compiler.management jdk.jartool jdk.javadoc jdk.jcmd jdk.management jdk.management.agent jdk.jconsole jdk.jdeps jdk.jdwp.agent jdk.jdi jdk.jfr jdk.jshell jdk.jsobject jdk.jstatd jdk.localedata jdk.management.jfr jdk.naming.dns jdk.naming.rmi jdk.net jdk.nio.mapmode jdk.random jdk.sctp jdk.security.auth jdk.security.jgss jdk.unsupported jdk.unsupported.desktop jdk.xml.dom" 

Environment Variables:
PATH=C:\app\Admin\product\21c\dbhomeXE\bin;C:\Program Files\Common Files\Oracle\Java\javapath;C:\Program Files (x86)\Common Files\Oracle\Java\javapath;C:\WINDOWS\system32;C:\WINDOWS;C:\WINDOWS\System32\Wbem;C:\WINDOWS\System32\WindowsPowerShell\v1.0\;C:\WINDOWS\System32\OpenSSH\;C:\xampp\php;C:\Program Files (x86)\Microsoft SQL Server\160\Tools\Binn\;C:\Program Files\Microsoft SQL Server\160\Tools\Binn\;C:\Program Files\Microsoft SQL Server\Client SDK\ODBC\170\Tools\Binn\;C:\Program Files\Microsoft SQL Server\160\DTS\Binn\;C:\Program Files (x86)\Microsoft SQL Server\160\DTS\Binn\;C:\Program Files\nodejs\;C:\Program Files\dotnet\;C:\Program Files\Git\cmd;C:\Program Files\Docker\Docker\resources\bin;C:\Users\Admin\AppData\Local\Android\Sdk\platform-tools;C:\Users\Admin\AppData\Local\Programs\Python\Python313\Scripts\;C:\Users\Admin\AppData\Local\Programs\Python\Python313\;C:\Users\Admin\AppData\Local\Programs\Python\Launcher\;C:\Program Files\MySQL\MySQL Shell 8.0\bin\;C:\Users\Admin\AppData\Local\Microsoft\WindowsApps;C:\Users\Admin\AppData\Local\Programs\Microsoft VS Code\bin;C:\Program Files\Java\jdk1.8.0_261\bin;C:\Users\Admin\AppData\Roaming\npm;C:\Users\Admin\AppData\Local\Programs\cursor\resources\app\bin;C:\Program Files\apache-maven-3.9.12\bin;C:\Users\Admin\AppData\Local\Programs\Antigravity\bin;C:\Users\Admin\AppData\Local\Programs\Kiro\bin;C:\Users\Admin\AppData\Local\Android\Sdk\platform-tools;C:\Users\Admin\AppData\Local\Android\Sdk\platform-tools;C:\Users\Admin\AppData\Local\Android\Sdk\platform-tools;
USERNAME=Admin
OS=Windows_NT
PROCESSOR_IDENTIFIER=Intel64 Family 6 Model 142 Stepping 12, GenuineIntel
TMP=C:\Users\Admin\AppData\Local\Temp
TEMP=C:\Users\Admin\AppData\Local\Temp




Periodic native trim disabled

---------------  S Y S T E M  ---------------

OS:
 Windows 11 , 64 bit Build 26100 (10.0.26100.8875)
OS uptime: 7 days 19:14 hours
Hyper-V role detected

CPU: total 8 (initial active 8) (4 cores per cpu, 2 threads per core) family 6 model 142 stepping 12 microcode 0x100, cx8, cmov, fxsr, ht, mmx, 3dnowpref, sse, sse2, sse3, ssse3, sse4.1, sse4.2, popcnt, lzcnt, tsc, tscinvbit, avx, avx2, aes, erms, clmul, bmi1, bmi2, adx, fma, vzeroupper, clflush, clflushopt, hv, rdtscp, f16c
Processor Information for the first 8 processors :
  Max Mhz: 1800, Current Mhz: 1600, Mhz Limit: 1584

Memory: 4k page, system-wide physical 16190M (405M free)
TotalPageFile size 27801M (AvailPageFile size 3M)
current process WorkingSet (physical memory assigned to process): 151M, peak: 153M
current process commit charge ("private bytes"): 284M, peak: 287M

vm_info: OpenJDK 64-Bit Server VM (21.0.11+10-LTS) for windows-amd64 JRE (21.0.11+10-LTS), built on 2026-04-21T00:00:00Z by "admin" with MS VC++ 17.12 (VS2022)

END.
